// Jest Snapshot v1, https://goo.gl/fbAQLP

exports[`GameUtils initialState 1`] = `
Object {
  "board": Array [
    Array [
      0,
      0,
      0,
      0,
      0,
      0,
      0,
      0,
      0,
    ],
    Array [
      0,
      0,
      0,
      0,
      0,
      0,
      0,
      0,
      0,
    ],
    Array [
      0,
      0,
      0,
      0,
      0,
      0,
      0,
      0,
      0,
    ],
    Array [
      0,
      0,
      0,
      0,
      0,
      0,
      0,
      0,
      0,
    ],
    Array [
      0,
      0,
      0,
      0,
      0,
      0,
      0,
      0,
      0,
    ],
    Array [
      0,
      0,
      0,
      0,
      0,
      0,
      0,
      0,
      0,
    ],
    Array [
      0,
      0,
      0,
      0,
      0,
      0,
      0,
      0,
      0,
    ],
    Array [
      0,
      0,
      0,
      0,
      0,
      0,
      0,
      0,
      0,
    ],
    Array [
      0,
      0,
      0,
      0,
      0,
      0,
      0,
      0,
      0,
    ],
  ],
  "currentBoard": -1,
  "currentPlayer": 0,
  "moveNumber": 0,
}
`;

exports[`GameUtils newBoard 1`] = `
Array [
  Array [
    0,
    0,
    0,
    0,
    0,
    0,
    0,
    0,
    0,
  ],
  Array [
    0,
    0,
    0,
    0,
    0,
    0,
    0,
    0,
    0,
  ],
  Array [
    0,
    0,
    0,
    0,
    0,
    0,
    0,
    0,
    0,
  ],
  Array [
    0,
    0,
    0,
    0,
    0,
    0,
    0,
    0,
    0,
  ],
  Array [
    0,
    0,
    0,
    0,
    0,
    0,
    0,
    0,
    0,
  ],
  Array [
    0,
    0,
    0,
    0,
    0,
    0,
    0,
    0,
    0,
  ],
  Array [
    0,
    0,
    0,
    0,
    0,
    0,
    0,
    0,
    0,
  ],
  Array [
    0,
    0,
    0,
    0,
    0,
    0,
    0,
    0,
    0,
  ],
  Array [
    0,
    0,
    0,
    0,
    0,
    0,
    0,
    0,
    0,
  ],
]
`;
